// Jest Snapshot v1, https://goo.gl/fbAQLP

exports[`Button unit test Snapshot 1`] = `
<div>
  <button
    class="MuiButtonBase-root MuiButton-root MuiButton-text"
    tabindex="0"
    type="button"
  >
    <span
      class="MuiButton-label"
    />
    <span
      class="MuiTouchRipple-root"
    />
  </button>
</div>
`;
